(Sulfuras, Hand of Ragnaros, -1, -1) => Sulfuras, Hand of Ragnaros, -1, -1
(Sulfuras, Hand of Ragnaros, -1, 0) => Sulfuras, Hand of Ragnaros, -1, 0
(Sulfuras, Hand of Ragnaros, -1, 1) => Sulfuras, Hand of Ragnaros, -1, 1
(Sulfuras, Hand of Ragnaros, -1, 50) => Sulfuras, Hand of Ragnaros, -1, 50
(Sulfuras, Hand of Ragnaros, -1, 51) => Sulfuras, Hand of Ragnaros, -1, 51
(Sulfuras, Hand of Ragnaros, 0, -1) => Sulfuras, Hand of Ragnaros, 0, -1
(Sulfuras, Hand of Ragnaros, 0, 0) => Sulfuras, Hand of Ragnaros, 0, 0
(Sulfuras, Hand of Ragnaros, 0, 1) => Sulfuras, Hand of Ragnaros, 0, 1
(Sulfuras, Hand of Ragnaros, 0, 50) => Sulfuras, Hand of Ragnaros, 0, 50
(Sulfuras, Hand of Ragnaros, 0, 51) => Sulfuras, Hand of Ragnaros, 0, 51
(Sulfuras, Hand of Ragnaros, 1, -1) => Sulfuras, Hand of Ragnaros, 1, -1
(Sulfuras, Hand of Ragnaros, 1, 0) => Sulfuras, Hand of Ragnaros, 1, 0
(Sulfuras, Hand of Ragnaros, 1, 1) => Sulfuras, Hand of Ragnaros, 1, 1
(Sulfuras, Hand of Ragnaros, 1, 50) => Sulfuras, Hand of Ragnaros, 1, 50
(Sulfuras, Hand of Ragnaros, 1, 51) => Sulfuras, Hand of Ragnaros, 1, 51
(Sulfuras, Hand of Ragnaros, 10, -1) => Sulfuras, Hand of Ragnaros, 10, -1
(Sulfuras, Hand of Ragnaros, 10, 0) => Sulfuras, Hand of Ragnaros, 10, 0
(Sulfuras, Hand of Ragnaros, 10, 1) => Sulfuras, Hand of Ragnaros, 10, 1
(Sulfuras, Hand of Ragnaros, 10, 50) => Sulfuras, Hand of Ragnaros, 10, 50
(Sulfuras, Hand of Ragnaros, 10, 51) => Sulfuras, Hand of Ragnaros, 10, 51
